// Jest Snapshot v1, https://goo.gl/fbAQLP

exports[`renders Banner component correctly - snapshot 1`] = `
<div
  className="sc-bdfBQB dwcRfT"
  color="white"
/>
`;
